=== RUN   TestAccConsolePortTemplateResource_removeOptionalFields

=== PAUSE TestAccConsolePortTemplateResource_removeOptionalFields

=== CONT  TestAccConsolePortTemplateResource_removeOptionalFields

2026-01-12T20:43:17.359+0800 [DEBUG] sdk.helper_resource: Starting TestCase: test_name=TestAccConsolePortTemplateResource_removeOptionalFields

2026-01-12T20:43:17.359+0800 [DEBUG] sdk.helper_resource: Calling TestCase PreCheck: test_name=TestAccConsolePortTemplateResource_removeOptionalFields

2026-01-12T20:43:17.359+0800 [DEBUG] sdk.helper_resource: Called TestCase PreCheck: test_name=TestAccConsolePortTemplateResource_removeOptionalFields

2026-01-12T20:43:17.361+0800 [DEBUG] sdk.helper_resource: Found Terraform CLI: test_name=TestAccConsolePortTemplateResource_removeOptionalFields test_terraform_path=C:\ProgramData\chocolatey\bin\terraform.exe

2026-01-12T20:43:17.527+0800 [DEBUG] sdk.helper_resource: Starting TestStep: test_working_directory=C:\Users\jean-\AppData\Local\Temp\plugintest2855175935 test_step_number=1 test_name=TestAccConsolePortTemplateResource_removeOptionalFields test_terraform_path=C:\ProgramData\chocolatey\bin\terraform.exe

2026-01-12T20:43:17.528+0800 [DEBUG] sdk.helper_resource: Running Terraform CLI plan and apply: test_terraform_path=C:\ProgramData\chocolatey\bin\terraform.exe test_working_directory=C:\Users\jean-\AppData\Local\Temp\plugintest2855175935 test_step_number=1 test_name=TestAccConsolePortTemplateResource_removeOptionalFields

2026-01-12T20:43:17.601+0800 [DEBUG] netbox: Creating Netbox client: tf_req_id=cbc73043-540e-1530-0424-ccb58bcd1144 netbox_server_url=http://localhost:8000 netbox_api_token="***" netbox_insecure=false tf_provider_addr=registry.terraform.io/hashicorp/netbox tf_rpc=ConfigureProvider

2026-01-12T20:43:17.601+0800 [INFO]  netbox: Configured Netbox client: netbox_server_url=http://localhost:8000 netbox_api_token="***" netbox_insecure=false success=true tf_provider_addr=registry.terraform.io/hashicorp/netbox tf_rpc=ConfigureProvider tf_req_id=cbc73043-540e-1530-0424-ccb58bcd1144

2026-01-12T20:43:17.602+0800 [DEBUG] sdk.framework: Marking Computed attributes with null configuration values as unknown (known after apply) in the plan to prevent potential Terraform errors: tf_req_id=d8f3a200-a516-5baa-5818-d70f425438ed tf_provider_addr=registry.terraform.io/hashicorp/netbox tf_rpc=PlanResourceChange tf_resource_type=netbox_manufacturer

2026-01-12T20:43:17.602+0800 [DEBUG] sdk.framework: marking computed attribute that is null in the config as unknown: tf_attribute_path="AttributeName(\"id\")" tf_req_id=d8f3a200-a516-5baa-5818-d70f425438ed tf_provider_addr=registry.terraform.io/hashicorp/netbox tf_rpc=PlanResourceChange tf_resource_type=netbox_manufacturer

2026-01-12T20:43:17.603+0800 [DEBUG] sdk.framework: Marking Computed attributes with null configuration values as unknown (known after apply) in the plan to prevent potential Terraform errors: tf_req_id=45c7b3b8-0170-3f43-10a8-ea682cd527ae tf_provider_addr=registry.terraform.io/hashicorp/netbox tf_rpc=PlanResourceChange tf_resource_type=netbox_device_type

2026-01-12T20:43:17.603+0800 [DEBUG] sdk.framework: marking computed attribute that is null in the config as unknown: tf_attribute_path="AttributeName(\"id\")" tf_resource_type=netbox_device_type tf_req_id=45c7b3b8-0170-3f43-10a8-ea682cd527ae tf_provider_addr=registry.terraform.io/hashicorp/netbox tf_rpc=PlanResourceChange

2026-01-12T20:43:17.605+0800 [DEBUG] sdk.framework: Marking Computed attributes with null configuration values as unknown (known after apply) in the plan to prevent potential Terraform errors: tf_provider_addr=registry.terraform.io/hashicorp/netbox tf_rpc=PlanResourceChange tf_resource_type=netbox_console_port_template tf_req_id=a55cff91-470a-3bdc-5c88-61c61371c18a

2026-01-12T20:43:17.605+0800 [DEBUG] sdk.framework: marking computed attribute that is null in the config as unknown: tf_provider_addr=registry.terraform.io/hashicorp/netbox tf_rpc=PlanResourceChange tf_attribute_path="AttributeName(\"id\")" tf_resource_type=netbox_console_port_template tf_req_id=a55cff91-470a-3bdc-5c88-61c61371c18a

2026-01-12T20:43:17.752+0800 [DEBUG] netbox: Creating Netbox client: netbox_api_token="***" netbox_insecure=false tf_provider_addr=registry.terraform.io/hashicorp/netbox tf_rpc=ConfigureProvider netbox_server_url=http://localhost:8000 tf_req_id=54c3e8bf-2ddc-046d-74c4-d70dea115036

2026-01-12T20:43:17.752+0800 [INFO]  netbox: Configured Netbox client: tf_rpc=ConfigureProvider netbox_server_url=http://localhost:8000 tf_req_id=54c3e8bf-2ddc-046d-74c4-d70dea115036 netbox_api_token="***" netbox_insecure=false success=true tf_provider_addr=registry.terraform.io/hashicorp/netbox

2026-01-12T20:43:17.752+0800 [DEBUG] sdk.framework: Marking Computed attributes with null configuration values as unknown (known after apply) in the plan to prevent potential Terraform errors: tf_req_id=429ec3c9-3ee8-ee9c-38de-3f2f447f2ffa tf_provider_addr=registry.terraform.io/hashicorp/netbox tf_rpc=PlanResourceChange tf_resource_type=netbox_manufacturer

2026-01-12T20:43:17.753+0800 [DEBUG] sdk.framework: marking computed attribute that is null in the config as unknown: tf_attribute_path="AttributeName(\"id\")" tf_provider_addr=registry.terraform.io/hashicorp/netbox tf_rpc=PlanResourceChange tf_resource_type=netbox_manufacturer tf_req_id=429ec3c9-3ee8-ee9c-38de-3f2f447f2ffa

2026-01-12T20:43:17.753+0800 [DEBUG] netbox: ApplyCustomFields: customFields is not set (null or unknown), skipping: tf_req_id=dd35c0cb-7b29-6cee-b5a4-77a275a294a2 tf_provider_addr=registry.terraform.io/hashicorp/netbox tf_rpc=ApplyResourceChange tf_resource_type=netbox_manufacturer

2026-01-12T20:43:17.791+0800 [DEBUG] netbox: Created manufacturer: tf_rpc=ApplyResourceChange tf_resource_type=netbox_manufacturer id=13762 name=tf-test-mfg-rem-x0rnvc97 tf_req_id=dd35c0cb-7b29-6cee-b5a4-77a275a294a2 tf_provider_addr=registry.terraform.io/hashicorp/netbox

2026-01-12T20:43:17.791+0800 [DEBUG] sdk.framework: Value switched to prior value due to semantic equality logic: tf_req_id=dd35c0cb-7b29-6cee-b5a4-77a275a294a2 tf_resource_type=netbox_manufacturer tf_attribute_path=name tf_provider_addr=registry.terraform.io/hashicorp/netbox tf_rpc=ApplyResourceChange

2026-01-12T20:43:17.791+0800 [DEBUG] sdk.framework: Value switched to prior value due to semantic equality logic: tf_attribute_path=slug tf_resource_type=netbox_manufacturer tf_provider_addr=registry.terraform.io/hashicorp/netbox tf_rpc=ApplyResourceChange tf_req_id=dd35c0cb-7b29-6cee-b5a4-77a275a294a2

2026-01-12T20:43:17.794+0800 [DEBUG] sdk.framework: Marking Computed attributes with null configuration values as unknown (known after apply) in the plan to prevent potential Terraform errors: tf_rpc=PlanResourceChange tf_resource_type=netbox_device_type tf_req_id=6911e1c3-8a8f-10fc-cf63-93d375146ffc tf_provider_addr=registry.terraform.io/hashicorp/netbox

2026-01-12T20:43:17.794+0800 [DEBUG] sdk.framework: marking computed attribute that is null in the config as unknown: tf_rpc=PlanResourceChange tf_resource_type=netbox_device_type tf_attribute_path="AttributeName(\"id\")" tf_req_id=6911e1c3-8a8f-10fc-cf63-93d375146ffc tf_provider_addr=registry.terraform.io/hashicorp/netbox

2026-01-12T20:43:17.795+0800 [DEBUG] netbox: Creating device type: tf_resource_type=netbox_device_type tf_req_id=70515a34-a7a2-24d2-42fc-5d1c63c97030 tf_provider_addr=registry.terraform.io/hashicorp/netbox tf_rpc=ApplyResourceChange model=tf-test-dt-rem-pz13nmus slug=tf-test-dt-rem-9xjq7vf8

2026-01-12T20:43:17.813+0800 [DEBUG] netbox: ApplyCustomFields: customFields is not set (null or unknown), skipping: tf_req_id=70515a34-a7a2-24d2-42fc-5d1c63c97030 tf_provider_addr=registry.terraform.io/hashicorp/netbox tf_rpc=ApplyResourceChange tf_resource_type=netbox_device_type

2026-01-12T20:43:17.838+0800 [DEBUG] netbox: Created device type: tf_resource_type=netbox_device_type id=11976 model=tf-test-dt-rem-pz13nmus tf_req_id=70515a34-a7a2-24d2-42fc-5d1c63c97030 tf_provider_addr=registry.terraform.io/hashicorp/netbox tf_rpc=ApplyResourceChange

2026-01-12T20:43:17.838+0800 [DEBUG] sdk.framework: Value switched to prior value due to semantic equality logic: tf_provider_addr=registry.terraform.io/hashicorp/netbox tf_req_id=70515a34-a7a2-24d2-42fc-5d1c63c97030 tf_rpc=ApplyResourceChange tf_resource_type=netbox_device_type tf_attribute_path=manufacturer

2026-01-12T20:43:17.839+0800 [DEBUG] sdk.framework: Value switched to prior value due to semantic equality logic: tf_attribute_path=u_height tf_provider_addr=registry.terraform.io/hashicorp/netbox tf_req_id=70515a34-a7a2-24d2-42fc-5d1c63c97030 tf_rpc=ApplyResourceChange tf_resource_type=netbox_device_type

2026-01-12T20:43:17.839+0800 [DEBUG] sdk.framework: Value switched to prior value due to semantic equality logic: tf_req_id=70515a34-a7a2-24d2-42fc-5d1c63c97030 tf_attribute_path=exclude_from_utilization tf_rpc=ApplyResourceChange tf_resource_type=netbox_device_type tf_provider_addr=registry.terraform.io/hashicorp/netbox

2026-01-12T20:43:17.839+0800 [DEBUG] sdk.framework: Value switched to prior value due to semantic equality logic: tf_resource_type=netbox_device_type tf_attribute_path=model tf_provider_addr=registry.terraform.io/hashicorp/netbox tf_req_id=70515a34-a7a2-24d2-42fc-5d1c63c97030 tf_rpc=ApplyResourceChange

2026-01-12T20:43:17.839+0800 [DEBUG] sdk.framework: Value switched to prior value due to semantic equality logic: tf_rpc=ApplyResourceChange tf_resource_type=netbox_device_type tf_attribute_path=slug tf_provider_addr=registry.terraform.io/hashicorp/netbox tf_req_id=70515a34-a7a2-24d2-42fc-5d1c63c97030

2026-01-12T20:43:17.839+0800 [DEBUG] sdk.framework: Value switched to prior value due to semantic equality logic: tf_req_id=70515a34-a7a2-24d2-42fc-5d1c63c97030 tf_rpc=ApplyResourceChange tf_resource_type=netbox_device_type tf_attribute_path=is_full_depth tf_provider_addr=registry.terraform.io/hashicorp/netbox

2026-01-12T20:43:17.841+0800 [DEBUG] sdk.framework: Marking Computed attributes with null configuration values as unknown (known after apply) in the plan to prevent potential Terraform errors: tf_req_id=6e4a01a9-a8a3-a16d-7dda-aaa04af51863 tf_provider_addr=registry.terraform.io/hashicorp/netbox tf_rpc=PlanResourceChange tf_resource_type=netbox_console_port_template

2026-01-12T20:43:17.841+0800 [DEBUG] sdk.framework: marking computed attribute that is null in the config as unknown: tf_resource_type=netbox_console_port_template tf_req_id=6e4a01a9-a8a3-a16d-7dda-aaa04af51863 tf_attribute_path="AttributeName(\"id\")" tf_provider_addr=registry.terraform.io/hashicorp/netbox tf_rpc=PlanResourceChange

2026-01-12T20:43:17.867+0800 [DEBUG] netbox: Creating console port template: tf_resource_type=netbox_console_port_template name=tf-test-cpt-rem-qmrk3bfg tf_req_id=ab705385-6468-1584-3490-ed5b415e039c tf_provider_addr=registry.terraform.io/hashicorp/netbox tf_rpc=ApplyResourceChange

2026-01-12T20:43:17.884+0800 [DEBUG] sdk.framework: Value switched to prior value due to semantic equality logic: tf_req_id=ab705385-6468-1584-3490-ed5b415e039c tf_provider_addr=registry.terraform.io/hashicorp/netbox tf_rpc=ApplyResourceChange tf_resource_type=netbox_console_port_template tf_attribute_path=device_type

2026-01-12T20:43:17.884+0800 [DEBUG] sdk.framework: Value switched to prior value due to semantic equality logic: tf_attribute_path=name tf_req_id=ab705385-6468-1584-3490-ed5b415e039c tf_provider_addr=registry.terraform.io/hashicorp/netbox tf_rpc=ApplyResourceChange tf_resource_type=netbox_console_port_template

2026-01-12T20:43:17.884+0800 [DEBUG] sdk.framework: Value switched to prior value due to semantic equality logic: tf_req_id=ab705385-6468-1584-3490-ed5b415e039c tf_provider_addr=registry.terraform.io/hashicorp/netbox tf_rpc=ApplyResourceChange tf_resource_type=netbox_console_port_template tf_attribute_path=label

2026-01-12T20:43:17.884+0800 [DEBUG] sdk.framework: Value switched to prior value due to semantic equality logic: tf_attribute_path=description tf_req_id=ab705385-6468-1584-3490-ed5b415e039c tf_provider_addr=registry.terraform.io/hashicorp/netbox tf_rpc=ApplyResourceChange tf_resource_type=netbox_console_port_template

2026-01-12T20:43:17.965+0800 [DEBUG] sdk.helper_resource: Running Terraform CLI plan to check for perpetual differences: test_name=TestAccConsolePortTemplateResource_removeOptionalFields test_terraform_path=C:\ProgramData\chocolatey\bin\terraform.exe test_working_directory=C:\Users\jean-\AppData\Local\Temp\plugintest2855175935 test_step_number=1

2026-01-12T20:43:18.030+0800 [DEBUG] netbox: Creating Netbox client: tf_provider_addr=registry.terraform.io/hashicorp/netbox tf_rpc=ConfigureProvider netbox_insecure=false netbox_server_url=http://localhost:8000 netbox_api_token="***" tf_req_id=b579b5d2-58a8-e9ad-0245-ef96742063ce

2026-01-12T20:43:18.030+0800 [INFO]  netbox: Configured Netbox client: tf_provider_addr=registry.terraform.io/hashicorp/netbox success=true tf_rpc=ConfigureProvider netbox_insecure=false netbox_server_url=http://localhost:8000 netbox_api_token="***" tf_req_id=b579b5d2-58a8-e9ad-0245-ef96742063ce

2026-01-12T20:43:18.177+0800 [DEBUG] netbox: Creating Netbox client: netbox_api_token="***" tf_req_id=c893fe80-8c2d-32a5-b8ee-2ed72df881d5 tf_provider_addr=registry.terraform.io/hashicorp/netbox tf_rpc=ConfigureProvider netbox_server_url=http://localhost:8000 netbox_insecure=false

2026-01-12T20:43:18.177+0800 [INFO]  netbox: Configured Netbox client: tf_provider_addr=registry.terraform.io/hashicorp/netbox success=true tf_rpc=ConfigureProvider netbox_server_url=http://localhost:8000 netbox_insecure=false netbox_api_token="***" tf_req_id=c893fe80-8c2d-32a5-b8ee-2ed72df881d5

2026-01-12T20:43:18.194+0800 [DEBUG] sdk.framework: Value switched to prior value due to semantic equality logic: tf_rpc=ReadResource tf_attribute_path=slug tf_resource_type=netbox_manufacturer tf_req_id=27456f30-b3b9-a763-af7d-40c6b7332584 tf_provider_addr=registry.terraform.io/hashicorp/netbox

2026-01-12T20:43:18.194+0800 [DEBUG] sdk.framework: Value switched to prior value due to semantic equality logic: tf_rpc=ReadResource tf_attribute_path=id tf_resource_type=netbox_manufacturer tf_req_id=27456f30-b3b9-a763-af7d-40c6b7332584 tf_provider_addr=registry.terraform.io/hashicorp/netbox

2026-01-12T20:43:18.194+0800 [DEBUG] sdk.framework: Value switched to prior value due to semantic equality logic: tf_req_id=27456f30-b3b9-a763-af7d-40c6b7332584 tf_provider_addr=registry.terraform.io/hashicorp/netbox tf_attribute_path=name tf_rpc=ReadResource tf_resource_type=netbox_manufacturer

2026-01-12T20:43:18.199+0800 [DEBUG] netbox: Reading device type: tf_rpc=ReadResource tf_resource_type=netbox_device_type id=11976 tf_req_id=96c577ae-df73-2969-fbd7-27e53761f9e2 tf_provider_addr=registry.terraform.io/hashicorp/netbox

2026-01-12T20:43:18.223+0800 [DEBUG] sdk.framework: Value switched to prior value due to semantic equality logic: tf_req_id=96c577ae-df73-2969-fbd7-27e53761f9e2 tf_attribute_path=u_height tf_provider_addr=registry.terraform.io/hashicorp/netbox tf_rpc=ReadResource tf_resource_type=netbox_device_type

2026-01-12T20:43:18.223+0800 [DEBUG] sdk.framework: Value switched to prior value due to semantic equality logic: tf_rpc=ReadResource tf_resource_type=netbox_device_type tf_req_id=96c577ae-df73-2969-fbd7-27e53761f9e2 tf_attribute_path=model tf_provider_addr=registry.terraform.io/hashicorp/netbox

2026-01-12T20:43:18.223+0800 [DEBUG] sdk.framework: Value switched to prior value due to semantic equality logic: tf_resource_type=netbox_device_type tf_req_id=96c577ae-df73-2969-fbd7-27e53761f9e2 tf_attribute_path=is_full_depth tf_provider_addr=registry.terraform.io/hashicorp/netbox tf_rpc=ReadResource

2026-01-12T20:43:18.223+0800 [DEBUG] sdk.framework: Value switched to prior value due to semantic equality logic: tf_provider_addr=registry.terraform.io/hashicorp/netbox tf_rpc=ReadResource tf_resource_type=netbox_device_type tf_req_id=96c577ae-df73-2969-fbd7-27e53761f9e2 tf_attribute_path=manufacturer

2026-01-12T20:43:18.223+0800 [DEBUG] sdk.framework: Value switched to prior value due to semantic equality logic: tf_rpc=ReadResource tf_attribute_path=slug tf_resource_type=netbox_device_type tf_req_id=96c577ae-df73-2969-fbd7-27e53761f9e2 tf_provider_addr=registry.terraform.io/hashicorp/netbox

2026-01-12T20:43:18.223+0800 [DEBUG] sdk.framework: Value switched to prior value due to semantic equality logic: tf_rpc=ReadResource tf_resource_type=netbox_device_type tf_req_id=96c577ae-df73-2969-fbd7-27e53761f9e2 tf_provider_addr=registry.terraform.io/hashicorp/netbox tf_attribute_path=id

2026-01-12T20:43:18.223+0800 [DEBUG] sdk.framework: Value switched to prior value due to semantic equality logic: tf_attribute_path=exclude_from_utilization tf_provider_addr=registry.terraform.io/hashicorp/netbox tf_rpc=ReadResource tf_resource_type=netbox_device_type tf_req_id=96c577ae-df73-2969-fbd7-27e53761f9e2

2026-01-12T20:43:18.225+0800 [DEBUG] netbox: Reading console port template: tf_req_id=c8dbe817-6f97-ff05-e95b-6b6da4bb2e84 tf_provider_addr=registry.terraform.io/hashicorp/netbox tf_rpc=ReadResource tf_resource_type=netbox_console_port_template id=373

2026-01-12T20:43:18.239+0800 [DEBUG] sdk.framework: Value switched to prior value due to semantic equality logic: tf_attribute_path=description tf_resource_type=netbox_console_port_template tf_req_id=c8dbe817-6f97-ff05-e95b-6b6da4bb2e84 tf_provider_addr=registry.terraform.io/hashicorp/netbox tf_rpc=ReadResource

2026-01-12T20:43:18.239+0800 [DEBUG] sdk.framework: Value switched to prior value due to semantic equality logic: tf_rpc=ReadResource tf_resource_type=netbox_console_port_template tf_attribute_path=id tf_req_id=c8dbe817-6f97-ff05-e95b-6b6da4bb2e84 tf_provider_addr=registry.terraform.io/hashicorp/netbox

2026-01-12T20:43:18.239+0800 [DEBUG] sdk.framework: Value switched to prior value due to semantic equality logic: tf_rpc=ReadResource tf_resource_type=netbox_console_port_template tf_attribute_path=device_type tf_req_id=c8dbe817-6f97-ff05-e95b-6b6da4bb2e84 tf_provider_addr=registry.terraform.io/hashicorp/netbox

2026-01-12T20:43:18.239+0800 [DEBUG] sdk.framework: Value switched to prior value due to semantic equality logic: tf_provider_addr=registry.terraform.io/hashicorp/netbox tf_rpc=ReadResource tf_resource_type=netbox_console_port_template tf_attribute_path=name tf_req_id=c8dbe817-6f97-ff05-e95b-6b6da4bb2e84

2026-01-12T20:43:18.239+0800 [DEBUG] sdk.framework: Value switched to prior value due to semantic equality logic: tf_attribute_path=label tf_req_id=c8dbe817-6f97-ff05-e95b-6b6da4bb2e84 tf_provider_addr=registry.terraform.io/hashicorp/netbox tf_rpc=ReadResource tf_resource_type=netbox_console_port_template

2026-01-12T20:43:18.319+0800 [DEBUG] sdk.helper_resource: Finished TestStep: test_working_directory=C:\Users\jean-\AppData\Local\Temp\plugintest2855175935 test_step_number=1 test_name=TestAccConsolePortTemplateResource_removeOptionalFields test_terraform_path=C:\ProgramData\chocolatey\bin\terraform.exe

2026-01-12T20:43:18.319+0800 [DEBUG] sdk.helper_resource: Starting TestStep: test_name=TestAccConsolePortTemplateResource_removeOptionalFields test_terraform_path=C:\ProgramData\chocolatey\bin\terraform.exe test_working_directory=C:\Users\jean-\AppData\Local\Temp\plugintest2855175935 test_step_number=2

2026-01-12T20:43:18.320+0800 [DEBUG] sdk.helper_resource: Running Terraform CLI plan and apply: test_step_number=2 test_name=TestAccConsolePortTemplateResource_removeOptionalFields test_terraform_path=C:\ProgramData\chocolatey\bin\terraform.exe test_working_directory=C:\Users\jean-\AppData\Local\Temp\plugintest2855175935

2026-01-12T20:43:18.384+0800 [DEBUG] netbox: Creating Netbox client: tf_provider_addr=registry.terraform.io/hashicorp/netbox netbox_server_url=http://localhost:8000 tf_rpc=ConfigureProvider netbox_insecure=false netbox_api_token="***" tf_req_id=f852069e-5b66-3774-5f91-91283e3e197b

2026-01-12T20:43:18.384+0800 [INFO]  netbox: Configured Netbox client: tf_provider_addr=registry.terraform.io/hashicorp/netbox netbox_server_url=http://localhost:8000 tf_rpc=ConfigureProvider netbox_insecure=false netbox_api_token="***" success=true tf_req_id=f852069e-5b66-3774-5f91-91283e3e197b

2026-01-12T20:43:18.403+0800 [DEBUG] sdk.framework: Value switched to prior value due to semantic equality logic: tf_resource_type=netbox_manufacturer tf_attribute_path=name tf_rpc=ReadResource tf_req_id=658c8f72-7c52-a919-f015-0bb539d74b9c tf_provider_addr=registry.terraform.io/hashicorp/netbox

2026-01-12T20:43:18.403+0800 [DEBUG] sdk.framework: Value switched to prior value due to semantic equality logic: tf_resource_type=netbox_manufacturer tf_attribute_path=slug tf_rpc=ReadResource tf_req_id=658c8f72-7c52-a919-f015-0bb539d74b9c tf_provider_addr=registry.terraform.io/hashicorp/netbox

2026-01-12T20:43:18.403+0800 [DEBUG] sdk.framework: Value switched to prior value due to semantic equality logic: tf_req_id=658c8f72-7c52-a919-f015-0bb539d74b9c tf_provider_addr=registry.terraform.io/hashicorp/netbox tf_attribute_path=id tf_resource_type=netbox_manufacturer tf_rpc=ReadResource

2026-01-12T20:43:18.406+0800 [DEBUG] netbox: Reading device type: tf_req_id=06399cc4-e099-cbfa-50a1-4d1c36f7d4d8 tf_resource_type=netbox_device_type id=11976 tf_rpc=ReadResource tf_provider_addr=registry.terraform.io/hashicorp/netbox

2026-01-12T20:43:18.430+0800 [DEBUG] sdk.framework: Value switched to prior value due to semantic equality logic: tf_provider_addr=registry.terraform.io/hashicorp/netbox tf_req_id=06399cc4-e099-cbfa-50a1-4d1c36f7d4d8 tf_rpc=ReadResource tf_attribute_path=id tf_resource_type=netbox_device_type

2026-01-12T20:43:18.430+0800 [DEBUG] sdk.framework: Value switched to prior value due to semantic equality logic: tf_rpc=ReadResource tf_attribute_path=manufacturer tf_resource_type=netbox_device_type tf_provider_addr=registry.terraform.io/hashicorp/netbox tf_req_id=06399cc4-e099-cbfa-50a1-4d1c36f7d4d8

2026-01-12T20:43:18.430+0800 [DEBUG] sdk.framework: Value switched to prior value due to semantic equality logic: tf_resource_type=netbox_device_type tf_provider_addr=registry.terraform.io/hashicorp/netbox tf_attribute_path=is_full_depth tf_req_id=06399cc4-e099-cbfa-50a1-4d1c36f7d4d8 tf_rpc=ReadResource

2026-01-12T20:43:18.430+0800 [DEBUG] sdk.framework: Value switched to prior value due to semantic equality logic: tf_resource_type=netbox_device_type tf_provider_addr=registry.terraform.io/hashicorp/netbox tf_attribute_path=exclude_from_utilization tf_req_id=06399cc4-e099-cbfa-50a1-4d1c36f7d4d8 tf_rpc=ReadResource

2026-01-12T20:43:18.430+0800 [DEBUG] sdk.framework: Value switched to prior value due to semantic equality logic: tf_provider_addr=registry.terraform.io/hashicorp/netbox tf_req_id=06399cc4-e099-cbfa-50a1-4d1c36f7d4d8 tf_rpc=ReadResource tf_attribute_path=slug tf_resource_type=netbox_device_type

2026-01-12T20:43:18.430+0800 [DEBUG] sdk.framework: Value switched to prior value due to semantic equality logic: tf_attribute_path=u_height tf_req_id=06399cc4-e099-cbfa-50a1-4d1c36f7d4d8 tf_rpc=ReadResource tf_resource_type=netbox_device_type tf_provider_addr=registry.terraform.io/hashicorp/netbox

2026-01-12T20:43:18.430+0800 [DEBUG] sdk.framework: Value switched to prior value due to semantic equality logic: tf_req_id=06399cc4-e099-cbfa-50a1-4d1c36f7d4d8 tf_rpc=ReadResource tf_resource_type=netbox_device_type tf_attribute_path=model tf_provider_addr=registry.terraform.io/hashicorp/netbox

2026-01-12T20:43:18.433+0800 [DEBUG] netbox: Reading console port template: tf_provider_addr=registry.terraform.io/hashicorp/netbox tf_req_id=8af985ef-626d-d95b-f41f-1f77f057b748 tf_rpc=ReadResource tf_resource_type=netbox_console_port_template id=373

2026-01-12T20:43:18.449+0800 [DEBUG] sdk.framework: Value switched to prior value due to semantic equality logic: tf_req_id=8af985ef-626d-d95b-f41f-1f77f057b748 tf_provider_addr=registry.terraform.io/hashicorp/netbox tf_rpc=ReadResource tf_resource_type=netbox_console_port_template tf_attribute_path=description

2026-01-12T20:43:18.449+0800 [DEBUG] sdk.framework: Value switched to prior value due to semantic equality logic: tf_provider_addr=registry.terraform.io/hashicorp/netbox tf_rpc=ReadResource tf_resource_type=netbox_console_port_template tf_req_id=8af985ef-626d-d95b-f41f-1f77f057b748 tf_attribute_path=id

2026-01-12T20:43:18.449+0800 [DEBUG] sdk.framework: Value switched to prior value due to semantic equality logic: tf_rpc=ReadResource tf_resource_type=netbox_console_port_template tf_req_id=8af985ef-626d-d95b-f41f-1f77f057b748 tf_attribute_path=device_type tf_provider_addr=registry.terraform.io/hashicorp/netbox

2026-01-12T20:43:18.449+0800 [DEBUG] sdk.framework: Value switched to prior value due to semantic equality logic: tf_provider_addr=registry.terraform.io/hashicorp/netbox tf_rpc=ReadResource tf_resource_type=netbox_console_port_template tf_req_id=8af985ef-626d-d95b-f41f-1f77f057b748 tf_attribute_path=name

2026-01-12T20:43:18.449+0800 [DEBUG] sdk.framework: Value switched to prior value due to semantic equality logic: tf_provider_addr=registry.terraform.io/hashicorp/netbox tf_rpc=ReadResource tf_resource_type=netbox_console_port_template tf_req_id=8af985ef-626d-d95b-f41f-1f77f057b748 tf_attribute_path=label

2026-01-12T20:43:18.525+0800 [DEBUG] netbox: Creating Netbox client: netbox_server_url=http://localhost:8000 netbox_api_token="***" tf_req_id=9ccc8b79-280d-9636-7cd3-b0d8b7a88ab7 tf_provider_addr=registry.terraform.io/hashicorp/netbox netbox_insecure=false tf_rpc=ConfigureProvider

2026-01-12T20:43:18.525+0800 [INFO]  netbox: Configured Netbox client: netbox_api_token="***" tf_req_id=9ccc8b79-280d-9636-7cd3-b0d8b7a88ab7 tf_provider_addr=registry.terraform.io/hashicorp/netbox netbox_insecure=false tf_rpc=ConfigureProvider netbox_server_url=http://localhost:8000 success=true

2026-01-12T20:43:18.604+0800 [ERROR] sdk.helper_resource: Unexpected error: test_terraform_path=C:\ProgramData\chocolatey\bin\terraform.exe test_working_directory=C:\Users\jean-\AppData\Local\Temp\plugintest2855175935 test_step_number=2 test_name=TestAccConsolePortTemplateResource_removeOptionalFields error="Check failed: Check 2/3 error: netbox_console_port_template.test: Attribute 'label' found when not expected"

    console_port_template_resource_test.go:373: Step 2/2 error: Check failed: Check 2/3 error: netbox_console_port_template.test: Attribute 'label' found when not expected

2026-01-12T20:43:18.733+0800 [DEBUG] netbox: Creating Netbox client: tf_provider_addr=registry.terraform.io/hashicorp/netbox tf_rpc=ConfigureProvider netbox_insecure=false netbox_api_token="***" netbox_server_url=http://localhost:8000 tf_req_id=406e4c3e-ac81-0c44-6b41-d6bd177fc3b4

2026-01-12T20:43:18.733+0800 [INFO]  netbox: Configured Netbox client: tf_rpc=ConfigureProvider netbox_insecure=false netbox_api_token="***" success=true netbox_server_url=http://localhost:8000 tf_req_id=406e4c3e-ac81-0c44-6b41-d6bd177fc3b4 tf_provider_addr=registry.terraform.io/hashicorp/netbox

2026-01-12T20:43:18.738+0800 [DEBUG] netbox: Creating Netbox client: netbox_insecure=false netbox_server_url=http://localhost:8000 netbox_api_token="***" tf_req_id=0b5f6986-dfb3-b5b6-68c1-50b1f1bd7bff tf_provider_addr=registry.terraform.io/hashicorp/netbox tf_rpc=ConfigureProvider

2026-01-12T20:43:18.738+0800 [INFO]  netbox: Configured Netbox client: success=true netbox_insecure=false netbox_server_url=http://localhost:8000 netbox_api_token="***" tf_req_id=0b5f6986-dfb3-b5b6-68c1-50b1f1bd7bff tf_provider_addr=registry.terraform.io/hashicorp/netbox tf_rpc=ConfigureProvider

2026-01-12T20:43:18.739+0800 [DEBUG] netbox: Deleting console port template: tf_provider_addr=registry.terraform.io/hashicorp/netbox tf_rpc=ApplyResourceChange tf_resource_type=netbox_console_port_template id=373 tf_req_id=b844aaed-2470-566a-89cf-1512fe31ee07

2026-01-12T20:43:18.764+0800 [DEBUG] netbox: Deleting device type: tf_req_id=164d6a7c-e7d9-5977-b2a8-162f034937ec tf_provider_addr=registry.terraform.io/hashicorp/netbox tf_rpc=ApplyResourceChange tf_resource_type=netbox_device_type id=11976

2026-01-12T20:43:18.828+0800 [DEBUG] netbox: Deleted device type: tf_provider_addr=registry.terraform.io/hashicorp/netbox tf_rpc=ApplyResourceChange tf_resource_type=netbox_device_type id=11976 tf_req_id=164d6a7c-e7d9-5977-b2a8-162f034937ec

    cleanup_dcim.go:473: Cleanup: device type with slug tf-test-dt-rem-9xjq7vf8 not found (already deleted)

    cleanup_dcim.go:137: Cleanup: manufacturer with slug tf-test-mfg-rem-fic96pd6 not found (already deleted)

--- FAIL: TestAccConsolePortTemplateResource_removeOptionalFields (1.56s)

FAIL

FAIL	github.com/bab3l/terraform-provider-netbox/internal/resources_acceptance_tests	1.726s

FAIL

